// Jest Snapshot v1, https://goo.gl/fbAQLP

exports[`CustomSectionOne should render 1`] = `
<section
  class="plitz-container py-10 lg:py-20"
  data-testid="CustomSectionOne"
>
  <div
    class="grid grid-cols-1 lg:grid-cols-12 gap-14"
  >
    <div
      class="h-full flex flex-col justify-center lg:col-span-7 text-balance"
    >
      <div
        class="block w-32 h-1 bg-gradient-to-r from-plitz-primary/5 to-plitz-primary/100"
      />
      <p
        class="text-plitz-primary font-bold mt-10 mb-5"
      >
        Hi, I am Brenda Silva
      </p>
      <h3
        class="text-balance mb-10"
      >
        Welcome to Reason4Hope
      </h3>
      <div
        class="whitespace-pre-wrap mb-12 lg:mb-16"
      >
        This is Brenda SilvaÂ´s Bio
      </div>
    </div>
    <div
      class="lg:col-span-5"
    >
      <img
        alt="uploads/Reason4Hope/image"
        class="w-full max-w-96 mx-auto lg:max-w-full"
        height="500"
        priority="false"
        src="https://thedavid.plitz7.com/uploads/Reason4Hope/image.jpg"
        width="427"
      />
    </div>
  </div>
</section>
`;
