// Jest Snapshot v1, https://goo.gl/fbAQLP

exports[`InternalHero renders the correct hero content 1`] = `
<section
  class="relative h-96 lg:h-150"
>
  <div
    class="absolute w-full top-0 bottom-0 z-20"
  >
    <div
      class="plitz-container flex flex-col justify-center items-center text-center relative h-full"
    >
      <div
        class="block w-32 h-1 bg-gradient-to-r from-white/5 to-white/100"
      />
      <h1
        class="text-white drop-shadow-plitz-darker mt-5 lg:mt-7 mb-7"
      >
        Hero Title
      </h1>
      <h2
        class="text-plitz-secondary drop-shadow-plitz-darker text-2xl lg:text-4xl text-balance"
      >
        Hero Subtitle
      </h2>
    </div>
  </div>
  <div
    class="absolute w-full top-0 bottom-0 z-10 bg-gradient-to-b from-plitz-primary/50 to-plitz-body/90"
  />
  <div
    class="relative h-96 lg:absolute lg:h-150 w-full z-0"
  >
    <img
      alt="uploads/Reason4Hope/image"
      class="object-cover object-bottom min-w-full min-h-full max-w-full max-h-full"
      height="0"
      priority="true"
      sizes="100vw"
      src="https://thedavid.plitz7.com/uploads/Reason4Hope/image.jpg"
      width="0"
    />
  </div>
</section>
`;
