// Jest Snapshot v1, https://goo.gl/fbAQLP

exports[`LatestPosts renders correctly with post data 1`] = `
<div>
  <section>
    <div
      class="plitz-container flex flex-col items-center py-16 lg:py-28"
    >
      <div
        class="block w-32 h-1 bg-gradient-to-r from-plitz-primary/5 to-plitz-primary/100"
      />
      <div
        class="text-plitz-primary font-bold mt-7 lg:mt-10 mb-4"
      >
        The Blog
      </div>
      <h3
        class="mb-11 lg:mb-20"
      >
        Latest Posts
      </h3>
      <div
        class="grid mb-9 lg:mb-12 grid-cols-1 gap-14 lg:grid-cols-3"
      >
        <a
          class="flex flex-col items-center shadow-plitz-box-4-32 group"
          href="/blog/post-3"
        >
          <div
            class="w-full h-60"
          >
            <img
              alt="image3"
              class="object-cover min-h-full min-w-full max-h-full max-w-full border-t-10 border-plitz-primary"
              height="1000"
              priority="false"
              src="undefined/image3.jpg"
              width="1000"
            />
          </div>
          <div
            class=" px-6 lg:px-10 py-7 lg:py-9"
          >
            <small
              class="text-plitz-primary"
            >
              September 02, 2021
            </small>
            <h4
              class="text-2xl mt-4 mb-5 lg:text-3xl text-balance group-hover:text-plitz-primary transition-all group-hover:transition-all"
            >
              Post 3
            </h4>
            <div
              class="text-ellipsis line-clamp-3 text-plitz-body [&>p]:font-normal group-hover:text-plitz-primary"
            >
              <p>
                Post 3 intro
              </p>
            </div>
          </div>
        </a>
        <a
          class="flex flex-col items-center shadow-plitz-box-4-32 group"
          href="/blog/post-2"
        >
          <div
            class="w-full h-60"
          >
            <img
              alt="image2"
              class="object-cover min-h-full min-w-full max-h-full max-w-full border-t-10 border-plitz-primary"
              height="1000"
              priority="false"
              src="undefined/image2.jpg"
              width="1000"
            />
          </div>
          <div
            class=" px-6 lg:px-10 py-7 lg:py-9"
          >
            <small
              class="text-plitz-primary"
            >
              September 01, 2021
            </small>
            <h4
              class="text-2xl mt-4 mb-5 lg:text-3xl text-balance group-hover:text-plitz-primary transition-all group-hover:transition-all"
            >
              Post 2
            </h4>
            <div
              class="text-ellipsis line-clamp-3 text-plitz-body [&>p]:font-normal group-hover:text-plitz-primary"
            >
              <p>
                Post 2 intro
              </p>
            </div>
          </div>
        </a>
        <a
          class="flex flex-col items-center shadow-plitz-box-4-32 group"
          href="/blog/post-1"
        >
          <div
            class="w-full h-60"
          >
            <img
              alt="image1"
              class="object-cover min-h-full min-w-full max-h-full max-w-full border-t-10 border-plitz-primary"
              height="1000"
              priority="false"
              src="undefined/image1.jpg"
              width="1000"
            />
          </div>
          <div
            class=" px-6 lg:px-10 py-7 lg:py-9"
          >
            <small
              class="text-plitz-primary"
            >
              August 31, 2021
            </small>
            <h4
              class="text-2xl mt-4 mb-5 lg:text-3xl text-balance group-hover:text-plitz-primary transition-all group-hover:transition-all"
            >
              Post 1
            </h4>
            <div
              class="text-ellipsis line-clamp-3 text-plitz-body [&>p]:font-normal group-hover:text-plitz-primary"
            >
              <p>
                Post 1 intro
              </p>
            </div>
          </div>
        </a>
      </div>
      <a
        class="relative flex items-center bg-plitz-primary text-white px-5 py-3 hover:rounded-xl border border-plitz-primary md:px-7 lg:px-9 md:py-4 hover:border-plitz-accent hover:text-plitz-accent hover:bg-white transition-all hover:transition-all group shadow-2xl"
        data-testid="aTag"
        href="/blog"
      >
        <span
          class="translate-x-2 group-hover:-translate-x-1 transition-all"
        >
          View All Posts
        </span>
        <svg
          class="fill-white translate-x-0 opacity-0 group-hover:fill-plitz-accent group-hover:opacity-100 group-hover:translate-x-1 transition-all"
          height="1em"
          viewBox="0 0 448 512"
          width="1em"
          xmlns="http://www.w3.org/2000/svg"
        >
          <path
            d="M440.6 273.4c4.7-4.5 7.4-10.8 7.4-17.4s-2.7-12.8-7.4-17.4l-176-168c-9.6-9.2-24.8-8.8-33.9.8s-8.8 24.8.8 33.9L364.1 232H24c-13.3 0-24 10.7-24 24s10.7 24 24 24h340.1L231.4 406.6c-9.6 9.2-9.9 24.3-.8 33.9s24.3 9.9 33.9.8l176-168z"
          />
        </svg>
      </a>
    </div>
  </section>
</div>
`;
