// Jest Snapshot v1, https://goo.gl/fbAQLP

exports[`HomeHero renders the correct hero content 1`] = `
<div
  class="relative h-max md:h-200 lg:h-250 overflow-hidden 3xl:max-w-[95vw] mx-auto bg-plitz-primary"
>
  <div
    class="relative lg:absolute z-10 top-0 bottom-0 w-full"
  >
    <div
      class="plitz-container flex items-center h-full"
    >
      <div
        class="grid grid-cols-1 lg:grid-cols-2 gap-4"
      >
        <div
          class="min-h-9"
        />
        <div
          class="flex flex-col text-left drop-shadow-plitz-darker py-10"
        >
          <div
            class="block w-32 h-1 bg-gradient-to-r from-white/5 to-white/100"
          />
          <h1
            class="text-white lg:drop-shadow-plitz-titles mt-6 mb-4"
          >
            Hero Title
          </h1>
          <h2
            class="leading-tight text-white lg:drop-shadow-plitz-titles text-balance mb-8"
          >
            Hero Subtitle
          </h2>
          <div
            class="text-white lg:drop-shadow-plitz-titles text-balance *:text-2xl lg:*:text-4xl"
          >
            Hero Content
          </div>
        </div>
      </div>
    </div>
  </div>
  <div
    class="relative h-96 lg:absolute lg:h-full w-full z-0"
  >
    <img
      alt="uploads/Reason4Hope/image"
      class="object-cover object-bottom min-w-full min-h-full max-w-full max-h-full"
      height="0"
      priority="true"
      sizes="100vw"
      src="https://thedavid.plitz7.com/uploads/Reason4Hope/image.jpg"
      width="0"
    />
  </div>
</div>
`;
